// Jest Snapshot v1, https://goo.gl/fbAQLP

exports[`custom scalars should properly emit custom scalars file: mainIndex 1`] = `
"\\"use strict\\";
Object.defineProperty(exports, \\"__esModule\\", { value: true });
exports.resolvers = void 0;
exports.crudResolvers = void 0;
const tslib_1 = require(\\"tslib\\");
tslib_1.__exportStar(require(\\"./enums\\"), exports);
tslib_1.__exportStar(require(\\"./models\\"), exports);
tslib_1.__exportStar(require(\\"./resolvers/crud\\"), exports);
const crudResolversImport = tslib_1.__importStar(require(\\"./resolvers/crud/resolvers-crud.index\\"));
exports.crudResolvers = Object.values(crudResolversImport);
tslib_1.__exportStar(require(\\"./resolvers/inputs\\"), exports);
tslib_1.__exportStar(require(\\"./resolvers/outputs\\"), exports);
tslib_1.__exportStar(require(\\"./enhance\\"), exports);
tslib_1.__exportStar(require(\\"./scalars\\"), exports);
exports.resolvers = [...exports.crudResolvers,];
"
`;

exports[`custom scalars should properly emit custom scalars file: scalars 1`] = `
"\\"use strict\\";
Object.defineProperty(exports, \\"__esModule\\", { value: true });
exports.DecimalJSScalar = exports.BytesScalar = void 0;
const graphql_1 = require(\\"graphql\\");
const client_1 = require(\\"./../../helpers/prisma-client-mock/client\\");
exports.DecimalJSScalar = new graphql_1.GraphQLScalarType({
    name: \\"Decimal\\",
    description: \\"GraphQL Scalar representing the Prisma.Decimal type, based on Decimal.js library.\\",
    serialize: value => {
        if (!(client_1.Prisma.Decimal.isDecimal(value))) {
            throw new Error(\`[DecimalError] Invalid argument: \${Object.prototype.toString.call(value)}. Expected Prisma.Decimal.\`);
        }
        return value.toString();
    },
    parseValue: value => {
        if (!(typeof value === \\"string\\")) {
            throw new Error(\`[DecimalError] Invalid argument: \${typeof value}. Expected string.\`);
        }
        return new client_1.Prisma.Decimal(value);
    },
});
function uint8ArrayToBase64(uint8Array) {
    return Buffer.from(uint8Array).toString(\\"base64\\");
}
function base64ToUint8Array(base64) {
    return new Uint8Array(Buffer.from(base64, \\"base64\\"));
}
exports.BytesScalar = new graphql_1.GraphQLScalarType({
    name: \\"Bytes\\",
    description: \\"GraphQL Scalar representing the Prisma.Bytes type.\\",
    serialize: value => {
        if (!(value instanceof Uint8Array)) {
            throw new Error(\`[BytesError] Invalid argument: \${Object.prototype.toString.call(value)}. Expected Uint8Array.\`);
        }
        return uint8ArrayToBase64(value);
    },
    parseValue: value => {
        if (!(typeof value === \\"string\\")) {
            throw new Error(\`[BytesError] Invalid argument: \${typeof value}. Expected string.\`);
        }
        return base64ToUint8Array(value);
    },
    parseLiteral: ast => {
        if (ast.kind !== graphql_1.Kind.STRING) {
            throw new Error(\`[BytesError] Invalid argument: \${ast.kind}. Expected string.\`);
        }
        return base64ToUint8Array(ast.value);
    },
});
"
`;
