// Jest Snapshot v1, https://goo.gl/fbAQLP

exports[`structure should generate *.js and *.d.ts files when emitTranspiledCode is set to true: structure 1`] = `
"
[type-graphql]
  enhance.d.ts
  enhance.js
  [enums]
    Color.d.ts
    Color.js
    NullsOrder.d.ts
    NullsOrder.js
    PostScalarFieldEnum.d.ts
    PostScalarFieldEnum.js
    QueryMode.d.ts
    QueryMode.js
    SortOrder.d.ts
    SortOrder.js
    TransactionIsolationLevel.d.ts
    TransactionIsolationLevel.js
    UserScalarFieldEnum.d.ts
    UserScalarFieldEnum.js
    index.d.ts
    index.js
  helpers.d.ts
  helpers.js
  index.d.ts
  index.js
  [models]
    Post.d.ts
    Post.js
    User.d.ts
    User.js
    index.d.ts
    index.js
  [resolvers]
    [crud]
      [Post]
        AggregatePostResolver.d.ts
        AggregatePostResolver.js
        CreateManyAndReturnPostResolver.d.ts
        CreateManyAndReturnPostResolver.js
        CreateManyPostResolver.d.ts
        CreateManyPostResolver.js
        CreateOnePostResolver.d.ts
        CreateOnePostResolver.js
        DeleteManyPostResolver.d.ts
        DeleteManyPostResolver.js
        DeleteOnePostResolver.d.ts
        DeleteOnePostResolver.js
        FindFirstPostOrThrowResolver.d.ts
        FindFirstPostOrThrowResolver.js
        FindFirstPostResolver.d.ts
        FindFirstPostResolver.js
        FindManyPostResolver.d.ts
        FindManyPostResolver.js
        FindUniquePostOrThrowResolver.d.ts
        FindUniquePostOrThrowResolver.js
        FindUniquePostResolver.d.ts
        FindUniquePostResolver.js
        GroupByPostResolver.d.ts
        GroupByPostResolver.js
        PostCrudResolver.d.ts
        PostCrudResolver.js
        UpdateManyPostResolver.d.ts
        UpdateManyPostResolver.js
        UpdateOnePostResolver.d.ts
        UpdateOnePostResolver.js
        UpsertOnePostResolver.d.ts
        UpsertOnePostResolver.js
        [args]
          AggregatePostArgs.d.ts
          AggregatePostArgs.js
          CreateManyAndReturnPostArgs.d.ts
          CreateManyAndReturnPostArgs.js
          CreateManyPostArgs.d.ts
          CreateManyPostArgs.js
          CreateOnePostArgs.d.ts
          CreateOnePostArgs.js
          DeleteManyPostArgs.d.ts
          DeleteManyPostArgs.js
          DeleteOnePostArgs.d.ts
          DeleteOnePostArgs.js
          FindFirstPostArgs.d.ts
          FindFirstPostArgs.js
          FindFirstPostOrThrowArgs.d.ts
          FindFirstPostOrThrowArgs.js
          FindManyPostArgs.d.ts
          FindManyPostArgs.js
          FindUniquePostArgs.d.ts
          FindUniquePostArgs.js
          FindUniquePostOrThrowArgs.d.ts
          FindUniquePostOrThrowArgs.js
          GroupByPostArgs.d.ts
          GroupByPostArgs.js
          UpdateManyPostArgs.d.ts
          UpdateManyPostArgs.js
          UpdateOnePostArgs.d.ts
          UpdateOnePostArgs.js
          UpsertOnePostArgs.d.ts
          UpsertOnePostArgs.js
          index.d.ts
          index.js
      [User]
        AggregateUserResolver.d.ts
        AggregateUserResolver.js
        CreateManyAndReturnUserResolver.d.ts
        CreateManyAndReturnUserResolver.js
        CreateManyUserResolver.d.ts
        CreateManyUserResolver.js
        CreateOneUserResolver.d.ts
        CreateOneUserResolver.js
        DeleteManyUserResolver.d.ts
        DeleteManyUserResolver.js
        DeleteOneUserResolver.d.ts
        DeleteOneUserResolver.js
        FindFirstUserOrThrowResolver.d.ts
        FindFirstUserOrThrowResolver.js
        FindFirstUserResolver.d.ts
        FindFirstUserResolver.js
        FindManyUserResolver.d.ts
        FindManyUserResolver.js
        FindUniqueUserOrThrowResolver.d.ts
        FindUniqueUserOrThrowResolver.js
        FindUniqueUserResolver.d.ts
        FindUniqueUserResolver.js
        GroupByUserResolver.d.ts
        GroupByUserResolver.js
        UpdateManyUserResolver.d.ts
        UpdateManyUserResolver.js
        UpdateOneUserResolver.d.ts
        UpdateOneUserResolver.js
        UpsertOneUserResolver.d.ts
        UpsertOneUserResolver.js
        UserCrudResolver.d.ts
        UserCrudResolver.js
        [args]
          AggregateUserArgs.d.ts
          AggregateUserArgs.js
          CreateManyAndReturnUserArgs.d.ts
          CreateManyAndReturnUserArgs.js
          CreateManyUserArgs.d.ts
          CreateManyUserArgs.js
          CreateOneUserArgs.d.ts
          CreateOneUserArgs.js
          DeleteManyUserArgs.d.ts
          DeleteManyUserArgs.js
          DeleteOneUserArgs.d.ts
          DeleteOneUserArgs.js
          FindFirstUserArgs.d.ts
          FindFirstUserArgs.js
          FindFirstUserOrThrowArgs.d.ts
          FindFirstUserOrThrowArgs.js
          FindManyUserArgs.d.ts
          FindManyUserArgs.js
          FindUniqueUserArgs.d.ts
          FindUniqueUserArgs.js
          FindUniqueUserOrThrowArgs.d.ts
          FindUniqueUserOrThrowArgs.js
          GroupByUserArgs.d.ts
          GroupByUserArgs.js
          UpdateManyUserArgs.d.ts
          UpdateManyUserArgs.js
          UpdateOneUserArgs.d.ts
          UpdateOneUserArgs.js
          UpsertOneUserArgs.d.ts
          UpsertOneUserArgs.js
          index.d.ts
          index.js
      args.index.d.ts
      args.index.js
      index.d.ts
      index.js
      resolvers-actions.index.d.ts
      resolvers-actions.index.js
      resolvers-crud.index.d.ts
      resolvers-crud.index.js
    [inputs]
      EnumColorFieldUpdateOperationsInput.d.ts
      EnumColorFieldUpdateOperationsInput.js
      EnumColorFilter.d.ts
      EnumColorFilter.js
      EnumColorWithAggregatesFilter.d.ts
      EnumColorWithAggregatesFilter.js
      IntFieldUpdateOperationsInput.d.ts
      IntFieldUpdateOperationsInput.js
      IntFilter.d.ts
      IntFilter.js
      IntWithAggregatesFilter.d.ts
      IntWithAggregatesFilter.js
      NestedEnumColorFilter.d.ts
      NestedEnumColorFilter.js
      NestedEnumColorWithAggregatesFilter.d.ts
      NestedEnumColorWithAggregatesFilter.js
      NestedFloatFilter.d.ts
      NestedFloatFilter.js
      NestedIntFilter.d.ts
      NestedIntFilter.js
      NestedIntNullableFilter.d.ts
      NestedIntNullableFilter.js
      NestedIntWithAggregatesFilter.d.ts
      NestedIntWithAggregatesFilter.js
      NestedStringFilter.d.ts
      NestedStringFilter.js
      NestedStringNullableFilter.d.ts
      NestedStringNullableFilter.js
      NestedStringNullableWithAggregatesFilter.d.ts
      NestedStringNullableWithAggregatesFilter.js
      NestedStringWithAggregatesFilter.d.ts
      NestedStringWithAggregatesFilter.js
      NullableStringFieldUpdateOperationsInput.d.ts
      NullableStringFieldUpdateOperationsInput.js
      PostAvgOrderByAggregateInput.d.ts
      PostAvgOrderByAggregateInput.js
      PostCountOrderByAggregateInput.d.ts
      PostCountOrderByAggregateInput.js
      PostCreateInput.d.ts
      PostCreateInput.js
      PostCreateManyAuthorInput.d.ts
      PostCreateManyAuthorInput.js
      PostCreateManyAuthorInputEnvelope.d.ts
      PostCreateManyAuthorInputEnvelope.js
      PostCreateManyInput.d.ts
      PostCreateManyInput.js
      PostCreateNestedManyWithoutAuthorInput.d.ts
      PostCreateNestedManyWithoutAuthorInput.js
      PostCreateOrConnectWithoutAuthorInput.d.ts
      PostCreateOrConnectWithoutAuthorInput.js
      PostCreateWithoutAuthorInput.d.ts
      PostCreateWithoutAuthorInput.js
      PostListRelationFilter.d.ts
      PostListRelationFilter.js
      PostMaxOrderByAggregateInput.d.ts
      PostMaxOrderByAggregateInput.js
      PostMinOrderByAggregateInput.d.ts
      PostMinOrderByAggregateInput.js
      PostOrderByRelationAggregateInput.d.ts
      PostOrderByRelationAggregateInput.js
      PostOrderByWithAggregationInput.d.ts
      PostOrderByWithAggregationInput.js
      PostOrderByWithRelationInput.d.ts
      PostOrderByWithRelationInput.js
      PostScalarWhereInput.d.ts
      PostScalarWhereInput.js
      PostScalarWhereWithAggregatesInput.d.ts
      PostScalarWhereWithAggregatesInput.js
      PostSumOrderByAggregateInput.d.ts
      PostSumOrderByAggregateInput.js
      PostUpdateInput.d.ts
      PostUpdateInput.js
      PostUpdateManyMutationInput.d.ts
      PostUpdateManyMutationInput.js
      PostUpdateManyWithWhereWithoutAuthorInput.d.ts
      PostUpdateManyWithWhereWithoutAuthorInput.js
      PostUpdateManyWithoutAuthorNestedInput.d.ts
      PostUpdateManyWithoutAuthorNestedInput.js
      PostUpdateWithWhereUniqueWithoutAuthorInput.d.ts
      PostUpdateWithWhereUniqueWithoutAuthorInput.js
      PostUpdateWithoutAuthorInput.d.ts
      PostUpdateWithoutAuthorInput.js
      PostUpsertWithWhereUniqueWithoutAuthorInput.d.ts
      PostUpsertWithWhereUniqueWithoutAuthorInput.js
      PostWhereInput.d.ts
      PostWhereInput.js
      PostWhereUniqueInput.d.ts
      PostWhereUniqueInput.js
      SortOrderInput.d.ts
      SortOrderInput.js
      StringFieldUpdateOperationsInput.d.ts
      StringFieldUpdateOperationsInput.js
      StringFilter.d.ts
      StringFilter.js
      StringNullableFilter.d.ts
      StringNullableFilter.js
      StringNullableWithAggregatesFilter.d.ts
      StringNullableWithAggregatesFilter.js
      StringWithAggregatesFilter.d.ts
      StringWithAggregatesFilter.js
      UserAvgOrderByAggregateInput.d.ts
      UserAvgOrderByAggregateInput.js
      UserCountOrderByAggregateInput.d.ts
      UserCountOrderByAggregateInput.js
      UserCreateInput.d.ts
      UserCreateInput.js
      UserCreateManyInput.d.ts
      UserCreateManyInput.js
      UserCreateNestedOneWithoutPostsInput.d.ts
      UserCreateNestedOneWithoutPostsInput.js
      UserCreateOrConnectWithoutPostsInput.d.ts
      UserCreateOrConnectWithoutPostsInput.js
      UserCreateWithoutPostsInput.d.ts
      UserCreateWithoutPostsInput.js
      UserMaxOrderByAggregateInput.d.ts
      UserMaxOrderByAggregateInput.js
      UserMinOrderByAggregateInput.d.ts
      UserMinOrderByAggregateInput.js
      UserOrderByWithAggregationInput.d.ts
      UserOrderByWithAggregationInput.js
      UserOrderByWithRelationInput.d.ts
      UserOrderByWithRelationInput.js
      UserScalarRelationFilter.d.ts
      UserScalarRelationFilter.js
      UserScalarWhereWithAggregatesInput.d.ts
      UserScalarWhereWithAggregatesInput.js
      UserSumOrderByAggregateInput.d.ts
      UserSumOrderByAggregateInput.js
      UserUpdateInput.d.ts
      UserUpdateInput.js
      UserUpdateManyMutationInput.d.ts
      UserUpdateManyMutationInput.js
      UserUpdateOneRequiredWithoutPostsNestedInput.d.ts
      UserUpdateOneRequiredWithoutPostsNestedInput.js
      UserUpdateToOneWithWhereWithoutPostsInput.d.ts
      UserUpdateToOneWithWhereWithoutPostsInput.js
      UserUpdateWithoutPostsInput.d.ts
      UserUpdateWithoutPostsInput.js
      UserUpsertWithoutPostsInput.d.ts
      UserUpsertWithoutPostsInput.js
      UserWhereInput.d.ts
      UserWhereInput.js
      UserWhereUniqueInput.d.ts
      UserWhereUniqueInput.js
      index.d.ts
      index.js
    [outputs]
      AffectedRowsOutput.d.ts
      AffectedRowsOutput.js
      AggregatePost.d.ts
      AggregatePost.js
      AggregateUser.d.ts
      AggregateUser.js
      CreateManyAndReturnPost.d.ts
      CreateManyAndReturnPost.js
      CreateManyAndReturnUser.d.ts
      CreateManyAndReturnUser.js
      PostAvgAggregate.d.ts
      PostAvgAggregate.js
      PostCountAggregate.d.ts
      PostCountAggregate.js
      PostGroupBy.d.ts
      PostGroupBy.js
      PostMaxAggregate.d.ts
      PostMaxAggregate.js
      PostMinAggregate.d.ts
      PostMinAggregate.js
      PostSumAggregate.d.ts
      PostSumAggregate.js
      UpdateManyPostAndReturnOutputType.d.ts
      UpdateManyPostAndReturnOutputType.js
      UpdateManyUserAndReturnOutputType.d.ts
      UpdateManyUserAndReturnOutputType.js
      UserAvgAggregate.d.ts
      UserAvgAggregate.js
      UserCount.d.ts
      UserCount.js
      UserCountAggregate.d.ts
      UserCountAggregate.js
      UserGroupBy.d.ts
      UserGroupBy.js
      UserMaxAggregate.d.ts
      UserMaxAggregate.js
      UserMinAggregate.d.ts
      UserMinAggregate.js
      UserSumAggregate.d.ts
      UserSumAggregate.js
      [args]
        UserCountPostsArgs.d.ts
        UserCountPostsArgs.js
        index.d.ts
        index.js
      index.d.ts
      index.js
    [relations]
      [Post]
        PostRelationsResolver.d.ts
        PostRelationsResolver.js
      [User]
        UserRelationsResolver.d.ts
        UserRelationsResolver.js
        [args]
          UserPostsArgs.d.ts
          UserPostsArgs.js
          index.d.ts
          index.js
      args.index.d.ts
      args.index.js
      index.d.ts
      index.js
      resolvers.index.d.ts
      resolvers.index.js
  scalars.d.ts
  scalars.js
"
`;

exports[`structure should generate proper folders and file names when model is renamed: structure 1`] = `
"
[type-graphql]
  enhance.d.ts
  enhance.js
  [enums]
    Color.d.ts
    Color.js
    NullsOrder.d.ts
    NullsOrder.js
    QueryMode.d.ts
    QueryMode.js
    RenamedPostScalarFieldEnum.d.ts
    RenamedPostScalarFieldEnum.js
    RenamedUserScalarFieldEnum.d.ts
    RenamedUserScalarFieldEnum.js
    SortOrder.d.ts
    SortOrder.js
    TransactionIsolationLevel.d.ts
    TransactionIsolationLevel.js
    index.d.ts
    index.js
  helpers.d.ts
  helpers.js
  index.d.ts
  index.js
  [models]
    RenamedPost.d.ts
    RenamedPost.js
    RenamedUser.d.ts
    RenamedUser.js
    index.d.ts
    index.js
  [resolvers]
    [crud]
      [RenamedPost]
        AggregateRenamedPostResolver.d.ts
        AggregateRenamedPostResolver.js
        CreateManyAndReturnRenamedPostResolver.d.ts
        CreateManyAndReturnRenamedPostResolver.js
        CreateManyRenamedPostResolver.d.ts
        CreateManyRenamedPostResolver.js
        CreateOneRenamedPostResolver.d.ts
        CreateOneRenamedPostResolver.js
        DeleteManyRenamedPostResolver.d.ts
        DeleteManyRenamedPostResolver.js
        DeleteOneRenamedPostResolver.d.ts
        DeleteOneRenamedPostResolver.js
        FindFirstRenamedPostOrThrowResolver.d.ts
        FindFirstRenamedPostOrThrowResolver.js
        FindFirstRenamedPostResolver.d.ts
        FindFirstRenamedPostResolver.js
        FindManyRenamedPostResolver.d.ts
        FindManyRenamedPostResolver.js
        FindUniqueRenamedPostOrThrowResolver.d.ts
        FindUniqueRenamedPostOrThrowResolver.js
        FindUniqueRenamedPostResolver.d.ts
        FindUniqueRenamedPostResolver.js
        GroupByRenamedPostResolver.d.ts
        GroupByRenamedPostResolver.js
        RenamedPostCrudResolver.d.ts
        RenamedPostCrudResolver.js
        UpdateManyRenamedPostResolver.d.ts
        UpdateManyRenamedPostResolver.js
        UpdateOneRenamedPostResolver.d.ts
        UpdateOneRenamedPostResolver.js
        UpsertOneRenamedPostResolver.d.ts
        UpsertOneRenamedPostResolver.js
        [args]
          AggregateRenamedPostArgs.d.ts
          AggregateRenamedPostArgs.js
          CreateManyAndReturnRenamedPostArgs.d.ts
          CreateManyAndReturnRenamedPostArgs.js
          CreateManyRenamedPostArgs.d.ts
          CreateManyRenamedPostArgs.js
          CreateOneRenamedPostArgs.d.ts
          CreateOneRenamedPostArgs.js
          DeleteManyRenamedPostArgs.d.ts
          DeleteManyRenamedPostArgs.js
          DeleteOneRenamedPostArgs.d.ts
          DeleteOneRenamedPostArgs.js
          FindFirstRenamedPostArgs.d.ts
          FindFirstRenamedPostArgs.js
          FindFirstRenamedPostOrThrowArgs.d.ts
          FindFirstRenamedPostOrThrowArgs.js
          FindManyRenamedPostArgs.d.ts
          FindManyRenamedPostArgs.js
          FindUniqueRenamedPostArgs.d.ts
          FindUniqueRenamedPostArgs.js
          FindUniqueRenamedPostOrThrowArgs.d.ts
          FindUniqueRenamedPostOrThrowArgs.js
          GroupByRenamedPostArgs.d.ts
          GroupByRenamedPostArgs.js
          UpdateManyRenamedPostArgs.d.ts
          UpdateManyRenamedPostArgs.js
          UpdateOneRenamedPostArgs.d.ts
          UpdateOneRenamedPostArgs.js
          UpsertOneRenamedPostArgs.d.ts
          UpsertOneRenamedPostArgs.js
          index.d.ts
          index.js
      [RenamedUser]
        AggregateRenamedUserResolver.d.ts
        AggregateRenamedUserResolver.js
        CreateManyAndReturnRenamedUserResolver.d.ts
        CreateManyAndReturnRenamedUserResolver.js
        CreateManyRenamedUserResolver.d.ts
        CreateManyRenamedUserResolver.js
        CreateOneRenamedUserResolver.d.ts
        CreateOneRenamedUserResolver.js
        DeleteManyRenamedUserResolver.d.ts
        DeleteManyRenamedUserResolver.js
        DeleteOneRenamedUserResolver.d.ts
        DeleteOneRenamedUserResolver.js
        FindFirstRenamedUserOrThrowResolver.d.ts
        FindFirstRenamedUserOrThrowResolver.js
        FindFirstRenamedUserResolver.d.ts
        FindFirstRenamedUserResolver.js
        FindManyRenamedUserResolver.d.ts
        FindManyRenamedUserResolver.js
        FindUniqueRenamedUserOrThrowResolver.d.ts
        FindUniqueRenamedUserOrThrowResolver.js
        FindUniqueRenamedUserResolver.d.ts
        FindUniqueRenamedUserResolver.js
        GroupByRenamedUserResolver.d.ts
        GroupByRenamedUserResolver.js
        RenamedUserCrudResolver.d.ts
        RenamedUserCrudResolver.js
        UpdateManyRenamedUserResolver.d.ts
        UpdateManyRenamedUserResolver.js
        UpdateOneRenamedUserResolver.d.ts
        UpdateOneRenamedUserResolver.js
        UpsertOneRenamedUserResolver.d.ts
        UpsertOneRenamedUserResolver.js
        [args]
          AggregateRenamedUserArgs.d.ts
          AggregateRenamedUserArgs.js
          CreateManyAndReturnRenamedUserArgs.d.ts
          CreateManyAndReturnRenamedUserArgs.js
          CreateManyRenamedUserArgs.d.ts
          CreateManyRenamedUserArgs.js
          CreateOneRenamedUserArgs.d.ts
          CreateOneRenamedUserArgs.js
          DeleteManyRenamedUserArgs.d.ts
          DeleteManyRenamedUserArgs.js
          DeleteOneRenamedUserArgs.d.ts
          DeleteOneRenamedUserArgs.js
          FindFirstRenamedUserArgs.d.ts
          FindFirstRenamedUserArgs.js
          FindFirstRenamedUserOrThrowArgs.d.ts
          FindFirstRenamedUserOrThrowArgs.js
          FindManyRenamedUserArgs.d.ts
          FindManyRenamedUserArgs.js
          FindUniqueRenamedUserArgs.d.ts
          FindUniqueRenamedUserArgs.js
          FindUniqueRenamedUserOrThrowArgs.d.ts
          FindUniqueRenamedUserOrThrowArgs.js
          GroupByRenamedUserArgs.d.ts
          GroupByRenamedUserArgs.js
          UpdateManyRenamedUserArgs.d.ts
          UpdateManyRenamedUserArgs.js
          UpdateOneRenamedUserArgs.d.ts
          UpdateOneRenamedUserArgs.js
          UpsertOneRenamedUserArgs.d.ts
          UpsertOneRenamedUserArgs.js
          index.d.ts
          index.js
      args.index.d.ts
      args.index.js
      index.d.ts
      index.js
      resolvers-actions.index.d.ts
      resolvers-actions.index.js
      resolvers-crud.index.d.ts
      resolvers-crud.index.js
    [inputs]
      EnumColorFieldUpdateOperationsInput.d.ts
      EnumColorFieldUpdateOperationsInput.js
      EnumColorFilter.d.ts
      EnumColorFilter.js
      EnumColorWithAggregatesFilter.d.ts
      EnumColorWithAggregatesFilter.js
      IntFieldUpdateOperationsInput.d.ts
      IntFieldUpdateOperationsInput.js
      IntFilter.d.ts
      IntFilter.js
      IntWithAggregatesFilter.d.ts
      IntWithAggregatesFilter.js
      NestedEnumColorFilter.d.ts
      NestedEnumColorFilter.js
      NestedEnumColorWithAggregatesFilter.d.ts
      NestedEnumColorWithAggregatesFilter.js
      NestedFloatFilter.d.ts
      NestedFloatFilter.js
      NestedIntFilter.d.ts
      NestedIntFilter.js
      NestedIntNullableFilter.d.ts
      NestedIntNullableFilter.js
      NestedIntWithAggregatesFilter.d.ts
      NestedIntWithAggregatesFilter.js
      NestedStringFilter.d.ts
      NestedStringFilter.js
      NestedStringNullableFilter.d.ts
      NestedStringNullableFilter.js
      NestedStringNullableWithAggregatesFilter.d.ts
      NestedStringNullableWithAggregatesFilter.js
      NestedStringWithAggregatesFilter.d.ts
      NestedStringWithAggregatesFilter.js
      NullableStringFieldUpdateOperationsInput.d.ts
      NullableStringFieldUpdateOperationsInput.js
      RenamedPostAvgOrderByAggregateInput.d.ts
      RenamedPostAvgOrderByAggregateInput.js
      RenamedPostCountOrderByAggregateInput.d.ts
      RenamedPostCountOrderByAggregateInput.js
      RenamedPostCreateInput.d.ts
      RenamedPostCreateInput.js
      RenamedPostCreateManyAuthorInput.d.ts
      RenamedPostCreateManyAuthorInput.js
      RenamedPostCreateManyAuthorInputEnvelope.d.ts
      RenamedPostCreateManyAuthorInputEnvelope.js
      RenamedPostCreateManyInput.d.ts
      RenamedPostCreateManyInput.js
      RenamedPostCreateNestedManyWithoutAuthorInput.d.ts
      RenamedPostCreateNestedManyWithoutAuthorInput.js
      RenamedPostCreateOrConnectWithoutAuthorInput.d.ts
      RenamedPostCreateOrConnectWithoutAuthorInput.js
      RenamedPostCreateWithoutAuthorInput.d.ts
      RenamedPostCreateWithoutAuthorInput.js
      RenamedPostListRelationFilter.d.ts
      RenamedPostListRelationFilter.js
      RenamedPostMaxOrderByAggregateInput.d.ts
      RenamedPostMaxOrderByAggregateInput.js
      RenamedPostMinOrderByAggregateInput.d.ts
      RenamedPostMinOrderByAggregateInput.js
      RenamedPostOrderByRelationAggregateInput.d.ts
      RenamedPostOrderByRelationAggregateInput.js
      RenamedPostOrderByWithAggregationInput.d.ts
      RenamedPostOrderByWithAggregationInput.js
      RenamedPostOrderByWithRelationInput.d.ts
      RenamedPostOrderByWithRelationInput.js
      RenamedPostScalarWhereInput.d.ts
      RenamedPostScalarWhereInput.js
      RenamedPostScalarWhereWithAggregatesInput.d.ts
      RenamedPostScalarWhereWithAggregatesInput.js
      RenamedPostSumOrderByAggregateInput.d.ts
      RenamedPostSumOrderByAggregateInput.js
      RenamedPostUpdateInput.d.ts
      RenamedPostUpdateInput.js
      RenamedPostUpdateManyMutationInput.d.ts
      RenamedPostUpdateManyMutationInput.js
      RenamedPostUpdateManyWithWhereWithoutAuthorInput.d.ts
      RenamedPostUpdateManyWithWhereWithoutAuthorInput.js
      RenamedPostUpdateManyWithoutAuthorNestedInput.d.ts
      RenamedPostUpdateManyWithoutAuthorNestedInput.js
      RenamedPostUpdateWithWhereUniqueWithoutAuthorInput.d.ts
      RenamedPostUpdateWithWhereUniqueWithoutAuthorInput.js
      RenamedPostUpdateWithoutAuthorInput.d.ts
      RenamedPostUpdateWithoutAuthorInput.js
      RenamedPostUpsertWithWhereUniqueWithoutAuthorInput.d.ts
      RenamedPostUpsertWithWhereUniqueWithoutAuthorInput.js
      RenamedPostWhereInput.d.ts
      RenamedPostWhereInput.js
      RenamedPostWhereUniqueInput.d.ts
      RenamedPostWhereUniqueInput.js
      RenamedUserAvgOrderByAggregateInput.d.ts
      RenamedUserAvgOrderByAggregateInput.js
      RenamedUserCountOrderByAggregateInput.d.ts
      RenamedUserCountOrderByAggregateInput.js
      RenamedUserCreateInput.d.ts
      RenamedUserCreateInput.js
      RenamedUserCreateManyInput.d.ts
      RenamedUserCreateManyInput.js
      RenamedUserCreateNestedOneWithoutPostsInput.d.ts
      RenamedUserCreateNestedOneWithoutPostsInput.js
      RenamedUserCreateOrConnectWithoutPostsInput.d.ts
      RenamedUserCreateOrConnectWithoutPostsInput.js
      RenamedUserCreateWithoutPostsInput.d.ts
      RenamedUserCreateWithoutPostsInput.js
      RenamedUserMaxOrderByAggregateInput.d.ts
      RenamedUserMaxOrderByAggregateInput.js
      RenamedUserMinOrderByAggregateInput.d.ts
      RenamedUserMinOrderByAggregateInput.js
      RenamedUserOrderByWithAggregationInput.d.ts
      RenamedUserOrderByWithAggregationInput.js
      RenamedUserOrderByWithRelationInput.d.ts
      RenamedUserOrderByWithRelationInput.js
      RenamedUserScalarRelationFilter.d.ts
      RenamedUserScalarRelationFilter.js
      RenamedUserScalarWhereWithAggregatesInput.d.ts
      RenamedUserScalarWhereWithAggregatesInput.js
      RenamedUserSumOrderByAggregateInput.d.ts
      RenamedUserSumOrderByAggregateInput.js
      RenamedUserUpdateInput.d.ts
      RenamedUserUpdateInput.js
      RenamedUserUpdateManyMutationInput.d.ts
      RenamedUserUpdateManyMutationInput.js
      RenamedUserUpdateOneRequiredWithoutPostsNestedInput.d.ts
      RenamedUserUpdateOneRequiredWithoutPostsNestedInput.js
      RenamedUserUpdateToOneWithWhereWithoutPostsInput.d.ts
      RenamedUserUpdateToOneWithWhereWithoutPostsInput.js
      RenamedUserUpdateWithoutPostsInput.d.ts
      RenamedUserUpdateWithoutPostsInput.js
      RenamedUserUpsertWithoutPostsInput.d.ts
      RenamedUserUpsertWithoutPostsInput.js
      RenamedUserWhereInput.d.ts
      RenamedUserWhereInput.js
      RenamedUserWhereUniqueInput.d.ts
      RenamedUserWhereUniqueInput.js
      SortOrderInput.d.ts
      SortOrderInput.js
      StringFieldUpdateOperationsInput.d.ts
      StringFieldUpdateOperationsInput.js
      StringFilter.d.ts
      StringFilter.js
      StringNullableFilter.d.ts
      StringNullableFilter.js
      StringNullableWithAggregatesFilter.d.ts
      StringNullableWithAggregatesFilter.js
      StringWithAggregatesFilter.d.ts
      StringWithAggregatesFilter.js
      index.d.ts
      index.js
    [outputs]
      AffectedRowsOutput.d.ts
      AffectedRowsOutput.js
      AggregateRenamedPost.d.ts
      AggregateRenamedPost.js
      AggregateRenamedUser.d.ts
      AggregateRenamedUser.js
      CreateManyAndReturnRenamedPost.d.ts
      CreateManyAndReturnRenamedPost.js
      CreateManyAndReturnRenamedUser.d.ts
      CreateManyAndReturnRenamedUser.js
      RenamedPostAvgAggregate.d.ts
      RenamedPostAvgAggregate.js
      RenamedPostCountAggregate.d.ts
      RenamedPostCountAggregate.js
      RenamedPostGroupBy.d.ts
      RenamedPostGroupBy.js
      RenamedPostMaxAggregate.d.ts
      RenamedPostMaxAggregate.js
      RenamedPostMinAggregate.d.ts
      RenamedPostMinAggregate.js
      RenamedPostSumAggregate.d.ts
      RenamedPostSumAggregate.js
      RenamedUserAvgAggregate.d.ts
      RenamedUserAvgAggregate.js
      RenamedUserCount.d.ts
      RenamedUserCount.js
      RenamedUserCountAggregate.d.ts
      RenamedUserCountAggregate.js
      RenamedUserGroupBy.d.ts
      RenamedUserGroupBy.js
      RenamedUserMaxAggregate.d.ts
      RenamedUserMaxAggregate.js
      RenamedUserMinAggregate.d.ts
      RenamedUserMinAggregate.js
      RenamedUserSumAggregate.d.ts
      RenamedUserSumAggregate.js
      UpdateManyPostAndReturnOutputType.d.ts
      UpdateManyPostAndReturnOutputType.js
      UpdateManyUserAndReturnOutputType.d.ts
      UpdateManyUserAndReturnOutputType.js
      [args]
        RenamedUserCountPostsArgs.d.ts
        RenamedUserCountPostsArgs.js
        index.d.ts
        index.js
      index.d.ts
      index.js
    [relations]
      [RenamedPost]
        RenamedPostRelationsResolver.d.ts
        RenamedPostRelationsResolver.js
      [RenamedUser]
        RenamedUserRelationsResolver.d.ts
        RenamedUserRelationsResolver.js
        [args]
          RenamedUserPostsArgs.d.ts
          RenamedUserPostsArgs.js
          index.d.ts
          index.js
      args.index.d.ts
      args.index.js
      index.d.ts
      index.js
      resolvers.index.d.ts
      resolvers.index.js
  scalars.d.ts
  scalars.js
"
`;

exports[`structure should generate proper folders structure and file names for complex datamodel: structure 1`] = `
"
[type-graphql]
  enhance.d.ts
  enhance.js
  [enums]
    Color.d.ts
    Color.js
    NullsOrder.d.ts
    NullsOrder.js
    PostScalarFieldEnum.d.ts
    PostScalarFieldEnum.js
    QueryMode.d.ts
    QueryMode.js
    SortOrder.d.ts
    SortOrder.js
    TransactionIsolationLevel.d.ts
    TransactionIsolationLevel.js
    UserScalarFieldEnum.d.ts
    UserScalarFieldEnum.js
    index.d.ts
    index.js
  helpers.d.ts
  helpers.js
  index.d.ts
  index.js
  [models]
    Post.d.ts
    Post.js
    User.d.ts
    User.js
    index.d.ts
    index.js
  [resolvers]
    [crud]
      [Post]
        AggregatePostResolver.d.ts
        AggregatePostResolver.js
        CreateManyAndReturnPostResolver.d.ts
        CreateManyAndReturnPostResolver.js
        CreateManyPostResolver.d.ts
        CreateManyPostResolver.js
        CreateOnePostResolver.d.ts
        CreateOnePostResolver.js
        DeleteManyPostResolver.d.ts
        DeleteManyPostResolver.js
        DeleteOnePostResolver.d.ts
        DeleteOnePostResolver.js
        FindFirstPostOrThrowResolver.d.ts
        FindFirstPostOrThrowResolver.js
        FindFirstPostResolver.d.ts
        FindFirstPostResolver.js
        FindManyPostResolver.d.ts
        FindManyPostResolver.js
        FindUniquePostOrThrowResolver.d.ts
        FindUniquePostOrThrowResolver.js
        FindUniquePostResolver.d.ts
        FindUniquePostResolver.js
        GroupByPostResolver.d.ts
        GroupByPostResolver.js
        PostCrudResolver.d.ts
        PostCrudResolver.js
        UpdateManyPostResolver.d.ts
        UpdateManyPostResolver.js
        UpdateOnePostResolver.d.ts
        UpdateOnePostResolver.js
        UpsertOnePostResolver.d.ts
        UpsertOnePostResolver.js
        [args]
          AggregatePostArgs.d.ts
          AggregatePostArgs.js
          CreateManyAndReturnPostArgs.d.ts
          CreateManyAndReturnPostArgs.js
          CreateManyPostArgs.d.ts
          CreateManyPostArgs.js
          CreateOnePostArgs.d.ts
          CreateOnePostArgs.js
          DeleteManyPostArgs.d.ts
          DeleteManyPostArgs.js
          DeleteOnePostArgs.d.ts
          DeleteOnePostArgs.js
          FindFirstPostArgs.d.ts
          FindFirstPostArgs.js
          FindFirstPostOrThrowArgs.d.ts
          FindFirstPostOrThrowArgs.js
          FindManyPostArgs.d.ts
          FindManyPostArgs.js
          FindUniquePostArgs.d.ts
          FindUniquePostArgs.js
          FindUniquePostOrThrowArgs.d.ts
          FindUniquePostOrThrowArgs.js
          GroupByPostArgs.d.ts
          GroupByPostArgs.js
          UpdateManyPostArgs.d.ts
          UpdateManyPostArgs.js
          UpdateOnePostArgs.d.ts
          UpdateOnePostArgs.js
          UpsertOnePostArgs.d.ts
          UpsertOnePostArgs.js
          index.d.ts
          index.js
      [User]
        AggregateUserResolver.d.ts
        AggregateUserResolver.js
        CreateManyAndReturnUserResolver.d.ts
        CreateManyAndReturnUserResolver.js
        CreateManyUserResolver.d.ts
        CreateManyUserResolver.js
        CreateOneUserResolver.d.ts
        CreateOneUserResolver.js
        DeleteManyUserResolver.d.ts
        DeleteManyUserResolver.js
        DeleteOneUserResolver.d.ts
        DeleteOneUserResolver.js
        FindFirstUserOrThrowResolver.d.ts
        FindFirstUserOrThrowResolver.js
        FindFirstUserResolver.d.ts
        FindFirstUserResolver.js
        FindManyUserResolver.d.ts
        FindManyUserResolver.js
        FindUniqueUserOrThrowResolver.d.ts
        FindUniqueUserOrThrowResolver.js
        FindUniqueUserResolver.d.ts
        FindUniqueUserResolver.js
        GroupByUserResolver.d.ts
        GroupByUserResolver.js
        UpdateManyUserResolver.d.ts
        UpdateManyUserResolver.js
        UpdateOneUserResolver.d.ts
        UpdateOneUserResolver.js
        UpsertOneUserResolver.d.ts
        UpsertOneUserResolver.js
        UserCrudResolver.d.ts
        UserCrudResolver.js
        [args]
          AggregateUserArgs.d.ts
          AggregateUserArgs.js
          CreateManyAndReturnUserArgs.d.ts
          CreateManyAndReturnUserArgs.js
          CreateManyUserArgs.d.ts
          CreateManyUserArgs.js
          CreateOneUserArgs.d.ts
          CreateOneUserArgs.js
          DeleteManyUserArgs.d.ts
          DeleteManyUserArgs.js
          DeleteOneUserArgs.d.ts
          DeleteOneUserArgs.js
          FindFirstUserArgs.d.ts
          FindFirstUserArgs.js
          FindFirstUserOrThrowArgs.d.ts
          FindFirstUserOrThrowArgs.js
          FindManyUserArgs.d.ts
          FindManyUserArgs.js
          FindUniqueUserArgs.d.ts
          FindUniqueUserArgs.js
          FindUniqueUserOrThrowArgs.d.ts
          FindUniqueUserOrThrowArgs.js
          GroupByUserArgs.d.ts
          GroupByUserArgs.js
          UpdateManyUserArgs.d.ts
          UpdateManyUserArgs.js
          UpdateOneUserArgs.d.ts
          UpdateOneUserArgs.js
          UpsertOneUserArgs.d.ts
          UpsertOneUserArgs.js
          index.d.ts
          index.js
      args.index.d.ts
      args.index.js
      index.d.ts
      index.js
      resolvers-actions.index.d.ts
      resolvers-actions.index.js
      resolvers-crud.index.d.ts
      resolvers-crud.index.js
    [inputs]
      EnumColorFieldUpdateOperationsInput.d.ts
      EnumColorFieldUpdateOperationsInput.js
      EnumColorFilter.d.ts
      EnumColorFilter.js
      EnumColorWithAggregatesFilter.d.ts
      EnumColorWithAggregatesFilter.js
      IntFieldUpdateOperationsInput.d.ts
      IntFieldUpdateOperationsInput.js
      IntFilter.d.ts
      IntFilter.js
      IntWithAggregatesFilter.d.ts
      IntWithAggregatesFilter.js
      NestedEnumColorFilter.d.ts
      NestedEnumColorFilter.js
      NestedEnumColorWithAggregatesFilter.d.ts
      NestedEnumColorWithAggregatesFilter.js
      NestedFloatFilter.d.ts
      NestedFloatFilter.js
      NestedIntFilter.d.ts
      NestedIntFilter.js
      NestedIntNullableFilter.d.ts
      NestedIntNullableFilter.js
      NestedIntWithAggregatesFilter.d.ts
      NestedIntWithAggregatesFilter.js
      NestedStringFilter.d.ts
      NestedStringFilter.js
      NestedStringNullableFilter.d.ts
      NestedStringNullableFilter.js
      NestedStringNullableWithAggregatesFilter.d.ts
      NestedStringNullableWithAggregatesFilter.js
      NestedStringWithAggregatesFilter.d.ts
      NestedStringWithAggregatesFilter.js
      NullableStringFieldUpdateOperationsInput.d.ts
      NullableStringFieldUpdateOperationsInput.js
      PostAvgOrderByAggregateInput.d.ts
      PostAvgOrderByAggregateInput.js
      PostCountOrderByAggregateInput.d.ts
      PostCountOrderByAggregateInput.js
      PostCreateInput.d.ts
      PostCreateInput.js
      PostCreateManyAuthorInput.d.ts
      PostCreateManyAuthorInput.js
      PostCreateManyAuthorInputEnvelope.d.ts
      PostCreateManyAuthorInputEnvelope.js
      PostCreateManyInput.d.ts
      PostCreateManyInput.js
      PostCreateNestedManyWithoutAuthorInput.d.ts
      PostCreateNestedManyWithoutAuthorInput.js
      PostCreateOrConnectWithoutAuthorInput.d.ts
      PostCreateOrConnectWithoutAuthorInput.js
      PostCreateWithoutAuthorInput.d.ts
      PostCreateWithoutAuthorInput.js
      PostListRelationFilter.d.ts
      PostListRelationFilter.js
      PostMaxOrderByAggregateInput.d.ts
      PostMaxOrderByAggregateInput.js
      PostMinOrderByAggregateInput.d.ts
      PostMinOrderByAggregateInput.js
      PostOrderByRelationAggregateInput.d.ts
      PostOrderByRelationAggregateInput.js
      PostOrderByWithAggregationInput.d.ts
      PostOrderByWithAggregationInput.js
      PostOrderByWithRelationInput.d.ts
      PostOrderByWithRelationInput.js
      PostScalarWhereInput.d.ts
      PostScalarWhereInput.js
      PostScalarWhereWithAggregatesInput.d.ts
      PostScalarWhereWithAggregatesInput.js
      PostSumOrderByAggregateInput.d.ts
      PostSumOrderByAggregateInput.js
      PostUpdateInput.d.ts
      PostUpdateInput.js
      PostUpdateManyMutationInput.d.ts
      PostUpdateManyMutationInput.js
      PostUpdateManyWithWhereWithoutAuthorInput.d.ts
      PostUpdateManyWithWhereWithoutAuthorInput.js
      PostUpdateManyWithoutAuthorNestedInput.d.ts
      PostUpdateManyWithoutAuthorNestedInput.js
      PostUpdateWithWhereUniqueWithoutAuthorInput.d.ts
      PostUpdateWithWhereUniqueWithoutAuthorInput.js
      PostUpdateWithoutAuthorInput.d.ts
      PostUpdateWithoutAuthorInput.js
      PostUpsertWithWhereUniqueWithoutAuthorInput.d.ts
      PostUpsertWithWhereUniqueWithoutAuthorInput.js
      PostWhereInput.d.ts
      PostWhereInput.js
      PostWhereUniqueInput.d.ts
      PostWhereUniqueInput.js
      SortOrderInput.d.ts
      SortOrderInput.js
      StringFieldUpdateOperationsInput.d.ts
      StringFieldUpdateOperationsInput.js
      StringFilter.d.ts
      StringFilter.js
      StringNullableFilter.d.ts
      StringNullableFilter.js
      StringNullableWithAggregatesFilter.d.ts
      StringNullableWithAggregatesFilter.js
      StringWithAggregatesFilter.d.ts
      StringWithAggregatesFilter.js
      UserAvgOrderByAggregateInput.d.ts
      UserAvgOrderByAggregateInput.js
      UserCountOrderByAggregateInput.d.ts
      UserCountOrderByAggregateInput.js
      UserCreateInput.d.ts
      UserCreateInput.js
      UserCreateManyInput.d.ts
      UserCreateManyInput.js
      UserCreateNestedOneWithoutPostsInput.d.ts
      UserCreateNestedOneWithoutPostsInput.js
      UserCreateOrConnectWithoutPostsInput.d.ts
      UserCreateOrConnectWithoutPostsInput.js
      UserCreateWithoutPostsInput.d.ts
      UserCreateWithoutPostsInput.js
      UserMaxOrderByAggregateInput.d.ts
      UserMaxOrderByAggregateInput.js
      UserMinOrderByAggregateInput.d.ts
      UserMinOrderByAggregateInput.js
      UserOrderByWithAggregationInput.d.ts
      UserOrderByWithAggregationInput.js
      UserOrderByWithRelationInput.d.ts
      UserOrderByWithRelationInput.js
      UserScalarRelationFilter.d.ts
      UserScalarRelationFilter.js
      UserScalarWhereWithAggregatesInput.d.ts
      UserScalarWhereWithAggregatesInput.js
      UserSumOrderByAggregateInput.d.ts
      UserSumOrderByAggregateInput.js
      UserUpdateInput.d.ts
      UserUpdateInput.js
      UserUpdateManyMutationInput.d.ts
      UserUpdateManyMutationInput.js
      UserUpdateOneRequiredWithoutPostsNestedInput.d.ts
      UserUpdateOneRequiredWithoutPostsNestedInput.js
      UserUpdateToOneWithWhereWithoutPostsInput.d.ts
      UserUpdateToOneWithWhereWithoutPostsInput.js
      UserUpdateWithoutPostsInput.d.ts
      UserUpdateWithoutPostsInput.js
      UserUpsertWithoutPostsInput.d.ts
      UserUpsertWithoutPostsInput.js
      UserWhereInput.d.ts
      UserWhereInput.js
      UserWhereUniqueInput.d.ts
      UserWhereUniqueInput.js
      index.d.ts
      index.js
    [outputs]
      AffectedRowsOutput.d.ts
      AffectedRowsOutput.js
      AggregatePost.d.ts
      AggregatePost.js
      AggregateUser.d.ts
      AggregateUser.js
      CreateManyAndReturnPost.d.ts
      CreateManyAndReturnPost.js
      CreateManyAndReturnUser.d.ts
      CreateManyAndReturnUser.js
      PostAvgAggregate.d.ts
      PostAvgAggregate.js
      PostCountAggregate.d.ts
      PostCountAggregate.js
      PostGroupBy.d.ts
      PostGroupBy.js
      PostMaxAggregate.d.ts
      PostMaxAggregate.js
      PostMinAggregate.d.ts
      PostMinAggregate.js
      PostSumAggregate.d.ts
      PostSumAggregate.js
      UpdateManyPostAndReturnOutputType.d.ts
      UpdateManyPostAndReturnOutputType.js
      UpdateManyUserAndReturnOutputType.d.ts
      UpdateManyUserAndReturnOutputType.js
      UserAvgAggregate.d.ts
      UserAvgAggregate.js
      UserCount.d.ts
      UserCount.js
      UserCountAggregate.d.ts
      UserCountAggregate.js
      UserGroupBy.d.ts
      UserGroupBy.js
      UserMaxAggregate.d.ts
      UserMaxAggregate.js
      UserMinAggregate.d.ts
      UserMinAggregate.js
      UserSumAggregate.d.ts
      UserSumAggregate.js
      [args]
        UserCountPostsArgs.d.ts
        UserCountPostsArgs.js
        index.d.ts
        index.js
      index.d.ts
      index.js
    [relations]
      [Post]
        PostRelationsResolver.d.ts
        PostRelationsResolver.js
      [User]
        UserRelationsResolver.d.ts
        UserRelationsResolver.js
        [args]
          UserPostsArgs.d.ts
          UserPostsArgs.js
          index.d.ts
          index.js
      args.index.d.ts
      args.index.js
      index.d.ts
      index.js
      resolvers.index.d.ts
      resolvers.index.js
  scalars.d.ts
  scalars.js
"
`;
